src/features/auth/services/taqueriaService.ts(58,38): error TS2769: No overload matches this call.
  Overload 1 of 3, '(parent: Firestore, path: string, ...pathSegments: string[]): CollectionReference<DocumentData, DocumentData>', gave the following error.
    Argument of type 'Module' is not assignable to parameter of type 'Firestore'.
      Type 'Module' is missing the following properties from type 'Firestore': type, toJSON
  Overload 2 of 3, '(parent: CollectionReference<unknown, DocumentData>, path: string, ...pathSegments: string[]): CollectionReference<DocumentData, DocumentData>', gave the following error.
    Argument of type 'Module' is not assignable to parameter of type 'CollectionReference<unknown, DocumentData>'.
      Type 'Module' is missing the following properties from type 'CollectionReference<unknown, DocumentData>': type, id, parent, path, and 3 more.
  Overload 3 of 3, '(parent: DocumentReference<unknown, DocumentData>, path: string, ...pathSegments: string[]): CollectionReference<DocumentData, DocumentData>', gave the following error.
    Argument of type 'Module' is not assignable to parameter of type 'DocumentReference<unknown, DocumentData>'.
      Type 'Module' is missing the following properties from type 'DocumentReference<unknown, DocumentData>': type, firestore, converter, id, and 3 more.
src/features/auth/services/taqueriaService.ts(82,18): error TS2769: No overload matches this call.
  Overload 1 of 3, '(parent: Firestore, path: string, ...pathSegments: string[]): CollectionReference<DocumentData, DocumentData>', gave the following error.
    Argument of type 'Module' is not assignable to parameter of type 'Firestore'.
      Type 'Module' is missing the following properties from type 'Firestore': type, toJSON
  Overload 2 of 3, '(parent: CollectionReference<unknown, DocumentData>, path: string, ...pathSegments: string[]): CollectionReference<DocumentData, DocumentData>', gave the following error.
    Argument of type 'Module' is not assignable to parameter of type 'CollectionReference<unknown, DocumentData>'.
      Type 'Module' is missing the following properties from type 'CollectionReference<unknown, DocumentData>': type, id, parent, path, and 3 more.
  Overload 3 of 3, '(parent: DocumentReference<unknown, DocumentData>, path: string, ...pathSegments: string[]): CollectionReference<DocumentData, DocumentData>', gave the following error.
    Argument of type 'Module' is not assignable to parameter of type 'DocumentReference<unknown, DocumentData>'.
      Type 'Module' is missing the following properties from type 'DocumentReference<unknown, DocumentData>': type, firestore, converter, id, and 3 more.
src/features/auth/services/userService.ts(52,22): error TS2769: No overload matches this call.
  Overload 1 of 3, '(parent: Firestore, path: string, ...pathSegments: string[]): DocumentReference<DocumentData, DocumentData>', gave the following error.
    Argument of type 'Module' is not assignable to parameter of type 'Firestore'.
      Type 'Module' is missing the following properties from type 'Firestore': type, toJSON
  Overload 2 of 3, '(parent: CollectionReference<unknown, DocumentData>, path?: string | undefined, ...pathSegments: string[]): DocumentReference<unknown, DocumentData>', gave the following error.
    Argument of type 'Module' is not assignable to parameter of type 'CollectionReference<unknown, DocumentData>'.
      Type 'Module' is missing the following properties from type 'CollectionReference<unknown, DocumentData>': type, id, parent, path, and 3 more.
  Overload 3 of 3, '(parent: DocumentReference<unknown, DocumentData>, path: string, ...pathSegments: string[]): DocumentReference<DocumentData, DocumentData>', gave the following error.
    Argument of type 'Module' is not assignable to parameter of type 'DocumentReference<unknown, DocumentData>'.
      Type 'Module' is missing the following properties from type 'DocumentReference<unknown, DocumentData>': type, firestore, converter, id, and 3 more.
src/features/auth/services/userService.ts(77,11): error TS2769: No overload matches this call.
  Overload 1 of 3, '(parent: Firestore, path: string, ...pathSegments: string[]): DocumentReference<DocumentData, DocumentData>', gave the following error.
    Argument of type 'Module' is not assignable to parameter of type 'Firestore'.
      Type 'Module' is missing the following properties from type 'Firestore': type, toJSON
  Overload 2 of 3, '(parent: CollectionReference<unknown, DocumentData>, path?: string | undefined, ...pathSegments: string[]): DocumentReference<unknown, DocumentData>', gave the following error.
    Argument of type 'Module' is not assignable to parameter of type 'CollectionReference<unknown, DocumentData>'.
      Type 'Module' is missing the following properties from type 'CollectionReference<unknown, DocumentData>': type, id, parent, path, and 3 more.
  Overload 3 of 3, '(parent: DocumentReference<unknown, DocumentData>, path: string, ...pathSegments: string[]): DocumentReference<DocumentData, DocumentData>', gave the following error.
    Argument of type 'Module' is not assignable to parameter of type 'DocumentReference<unknown, DocumentData>'.
      Type 'Module' is missing the following properties from type 'DocumentReference<unknown, DocumentData>': type, firestore, converter, id, and 3 more.
src/features/auth/services/userService.ts(100,39): error TS2769: No overload matches this call.
  Overload 1 of 3, '(parent: Firestore, path: string, ...pathSegments: string[]): DocumentReference<DocumentData, DocumentData>', gave the following error.
    Argument of type 'Module' is not assignable to parameter of type 'Firestore'.
      Type 'Module' is missing the following properties from type 'Firestore': type, toJSON
  Overload 2 of 3, '(parent: CollectionReference<unknown, DocumentData>, path?: string | undefined, ...pathSegments: string[]): DocumentReference<unknown, DocumentData>', gave the following error.
    Argument of type 'Module' is not assignable to parameter of type 'CollectionReference<unknown, DocumentData>'.
      Type 'Module' is missing the following properties from type 'CollectionReference<unknown, DocumentData>': type, id, parent, path, and 3 more.
  Overload 3 of 3, '(parent: DocumentReference<unknown, DocumentData>, path: string, ...pathSegments: string[]): DocumentReference<DocumentData, DocumentData>', gave the following error.
    Argument of type 'Module' is not assignable to parameter of type 'DocumentReference<unknown, DocumentData>'.
      Type 'Module' is missing the following properties from type 'DocumentReference<unknown, DocumentData>': type, firestore, converter, id, and 3 more.
src/features/orders/services/ordersService.ts(22,21): error TS2769: No overload matches this call.
  Overload 1 of 3, '(parent: Firestore, path: string, ...pathSegments: string[]): CollectionReference<DocumentData, DocumentData>', gave the following error.
    Argument of type 'Module' is not assignable to parameter of type 'Firestore'.
      Type 'Module' is missing the following properties from type 'Firestore': type, toJSON
  Overload 2 of 3, '(parent: CollectionReference<unknown, DocumentData>, path: string, ...pathSegments: string[]): CollectionReference<DocumentData, DocumentData>', gave the following error.
    Argument of type 'Module' is not assignable to parameter of type 'CollectionReference<unknown, DocumentData>'.
      Type 'Module' is missing the following properties from type 'CollectionReference<unknown, DocumentData>': type, id, parent, path, and 3 more.
  Overload 3 of 3, '(parent: DocumentReference<unknown, DocumentData>, path: string, ...pathSegments: string[]): CollectionReference<DocumentData, DocumentData>', gave the following error.
    Argument of type 'Module' is not assignable to parameter of type 'DocumentReference<unknown, DocumentData>'.
      Type 'Module' is missing the following properties from type 'DocumentReference<unknown, DocumentData>': type, firestore, converter, id, and 3 more.
src/features/products/services/productService.ts(76,18): error TS2769: No overload matches this call.
  Overload 1 of 3, '(parent: Firestore, path: string, ...pathSegments: string[]): CollectionReference<DocumentData, DocumentData>', gave the following error.
    Argument of type 'Module' is not assignable to parameter of type 'Firestore'.
      Type 'Module' is missing the following properties from type 'Firestore': type, toJSON
  Overload 2 of 3, '(parent: CollectionReference<unknown, DocumentData>, path: string, ...pathSegments: string[]): CollectionReference<DocumentData, DocumentData>', gave the following error.
    Argument of type 'Module' is not assignable to parameter of type 'CollectionReference<unknown, DocumentData>'.
      Type 'Module' is missing the following properties from type 'CollectionReference<unknown, DocumentData>': type, id, parent, path, and 3 more.
  Overload 3 of 3, '(parent: DocumentReference<unknown, DocumentData>, path: string, ...pathSegments: string[]): CollectionReference<DocumentData, DocumentData>', gave the following error.
    Argument of type 'Module' is not assignable to parameter of type 'DocumentReference<unknown, DocumentData>'.
      Type 'Module' is missing the following properties from type 'DocumentReference<unknown, DocumentData>': type, firestore, converter, id, and 3 more.
src/features/products/services/productService.ts(114,18): error TS2769: No overload matches this call.
  Overload 1 of 3, '(parent: Firestore, path: string, ...pathSegments: string[]): CollectionReference<DocumentData, DocumentData>', gave the following error.
    Argument of type 'Module' is not assignable to parameter of type 'Firestore'.
      Type 'Module' is missing the following properties from type 'Firestore': type, toJSON
  Overload 2 of 3, '(parent: CollectionReference<unknown, DocumentData>, path: string, ...pathSegments: string[]): CollectionReference<DocumentData, DocumentData>', gave the following error.
    Argument of type 'Module' is not assignable to parameter of type 'CollectionReference<unknown, DocumentData>'.
      Type 'Module' is missing the following properties from type 'CollectionReference<unknown, DocumentData>': type, id, parent, path, and 3 more.
  Overload 3 of 3, '(parent: DocumentReference<unknown, DocumentData>, path: string, ...pathSegments: string[]): CollectionReference<DocumentData, DocumentData>', gave the following error.
    Argument of type 'Module' is not assignable to parameter of type 'DocumentReference<unknown, DocumentData>'.
      Type 'Module' is missing the following properties from type 'DocumentReference<unknown, DocumentData>': type, firestore, converter, id, and 3 more.
src/features/products/services/productService.ts(130,18): error TS2769: No overload matches this call.
  Overload 1 of 3, '(parent: Firestore, path: string, ...pathSegments: string[]): CollectionReference<DocumentData, DocumentData>', gave the following error.
    Argument of type 'Module' is not assignable to parameter of type 'Firestore'.
      Type 'Module' is missing the following properties from type 'Firestore': type, toJSON
  Overload 2 of 3, '(parent: CollectionReference<unknown, DocumentData>, path: string, ...pathSegments: string[]): CollectionReference<DocumentData, DocumentData>', gave the following error.
    Argument of type 'Module' is not assignable to parameter of type 'CollectionReference<unknown, DocumentData>'.
      Type 'Module' is missing the following properties from type 'CollectionReference<unknown, DocumentData>': type, id, parent, path, and 3 more.
  Overload 3 of 3, '(parent: DocumentReference<unknown, DocumentData>, path: string, ...pathSegments: string[]): CollectionReference<DocumentData, DocumentData>', gave the following error.
    Argument of type 'Module' is not assignable to parameter of type 'DocumentReference<unknown, DocumentData>'.
      Type 'Module' is missing the following properties from type 'DocumentReference<unknown, DocumentData>': type, firestore, converter, id, and 3 more.
src/features/products/services/productService.ts(149,7): error TS2769: No overload matches this call.
  Overload 1 of 3, '(parent: Firestore, path: string, ...pathSegments: string[]): DocumentReference<DocumentData, DocumentData>', gave the following error.
    Argument of type 'Module' is not assignable to parameter of type 'Firestore'.
      Type 'Module' is missing the following properties from type 'Firestore': type, toJSON
  Overload 2 of 3, '(parent: CollectionReference<unknown, DocumentData>, path?: string | undefined, ...pathSegments: string[]): DocumentReference<unknown, DocumentData>', gave the following error.
    Argument of type 'Module' is not assignable to parameter of type 'CollectionReference<unknown, DocumentData>'.
      Type 'Module' is missing the following properties from type 'CollectionReference<unknown, DocumentData>': type, id, parent, path, and 3 more.
  Overload 3 of 3, '(parent: DocumentReference<unknown, DocumentData>, path: string, ...pathSegments: string[]): DocumentReference<DocumentData, DocumentData>', gave the following error.
    Argument of type 'Module' is not assignable to parameter of type 'DocumentReference<unknown, DocumentData>'.
      Type 'Module' is missing the following properties from type 'DocumentReference<unknown, DocumentData>': type, firestore, converter, id, and 3 more.
src/services/firebase/ordersService.ts(20,21): error TS2769: No overload matches this call.
  Overload 1 of 3, '(parent: Firestore, path: string, ...pathSegments: string[]): CollectionReference<DocumentData, DocumentData>', gave the following error.
    Argument of type 'Module' is not assignable to parameter of type 'Firestore'.
      Type 'Module' is missing the following properties from type 'Firestore': type, toJSON
  Overload 2 of 3, '(parent: CollectionReference<unknown, DocumentData>, path: string, ...pathSegments: string[]): CollectionReference<DocumentData, DocumentData>', gave the following error.
    Argument of type 'Module' is not assignable to parameter of type 'CollectionReference<unknown, DocumentData>'.
      Type 'Module' is missing the following properties from type 'CollectionReference<unknown, DocumentData>': type, id, parent, path, and 3 more.
  Overload 3 of 3, '(parent: DocumentReference<unknown, DocumentData>, path: string, ...pathSegments: string[]): CollectionReference<DocumentData, DocumentData>', gave the following error.
    Argument of type 'Module' is not assignable to parameter of type 'DocumentReference<unknown, DocumentData>'.
      Type 'Module' is missing the following properties from type 'DocumentReference<unknown, DocumentData>': type, firestore, converter, id, and 3 more.
